2026-08-18 12:10:50,505 INFO o.a.j.u.JMeterUtils: Setting Locale to en_EN
2026-08-18 12:10:50,620 INFO o.a.j.JMeter: Loading user properties from: D:\apache-jmeter-5.6.3\bin\user.properties
2026-08-18 12:10:50,645 INFO o.a.j.JMeter: Loading system properties from: D:\apache-jmeter-5.6.3\bin\system.properties
2026-08-18 12:10:50,645 INFO o.a.j.JMeter: Setting JMeter property: jmeter.save.saveservice.autoflush=true
2026-08-18 12:10:50,645 INFO o.a.j.JMeter: Setting JMeter property: summariser.interval=3
2026-08-18 12:10:50,658 INFO o.a.j.JMeter: Copyright (c) 1998-2024 The Apache Software Foundation
2026-08-18 12:10:50,659 INFO o.a.j.JMeter: Version 5.6.3
2026-08-18 12:10:50,659 INFO o.a.j.JMeter: java.version=17.0.12
2026-08-18 12:10:50,659 INFO o.a.j.JMeter: java.vm.name=Java HotSpot(TM) 64-Bit Server VM
2026-08-18 12:10:50,659 INFO o.a.j.JMeter: os.name=Windows 11
2026-08-18 12:10:50,659 INFO o.a.j.JMeter: os.arch=amd64
2026-08-18 12:10:50,659 INFO o.a.j.JMeter: os.version=10.0
2026-08-18 12:10:50,659 INFO o.a.j.JMeter: file.encoding=Cp1252
2026-08-18 12:10:50,659 INFO o.a.j.JMeter: java.awt.headless=true
2026-08-18 12:10:50,659 INFO o.a.j.JMeter: Max memory     =1073741824
2026-08-18 12:10:50,659 INFO o.a.j.JMeter: Available Processors =14
2026-08-18 12:10:50,678 INFO o.a.j.JMeter: Default Locale=English (EN)
2026-08-18 12:10:50,679 INFO o.a.j.JMeter: JMeter  Locale=English (EN)
2026-08-18 12:10:50,679 INFO o.a.j.JMeter: JMeterHome=D:\apache-jmeter-5.6.3
2026-08-18 12:10:50,679 INFO o.a.j.JMeter: user.dir  =D:\BlazemeterMCPZIP\JmeterAI
2026-08-18 12:10:50,680 INFO o.a.j.JMeter: PWD       =D:\BlazemeterMCPZIP\JmeterAI
2026-08-18 12:10:50,681 INFO o.a.j.JMeter: IP: 10.121.154.142 Name: AICPL-L224 FullName: AICPL-L224
2026-08-18 12:10:50,717 INFO o.a.j.s.FileServer: Default base='D:\BlazemeterMCPZIP\JmeterAI'
2026-08-18 12:10:50,720 INFO o.a.j.s.FileServer: Set new base='D:\BlazemeterMCPZIP\JmeterAI\Tests'
2026-08-18 12:10:51,124 INFO o.a.j.s.SaveService: Testplan (JMX) version: 2.2. Testlog (JTL) version: 2.2
2026-08-18 12:10:51,208 INFO o.a.j.s.SaveService: Using SaveService properties version 5.0
2026-08-18 12:10:51,211 INFO o.a.j.s.SaveService: Using SaveService properties file encoding UTF-8
2026-08-18 12:10:51,215 INFO o.a.j.s.SaveService: Loading file: D:\BlazemeterMCPZIP\JmeterAI\Tests\Jpet_01.jmx
2026-08-18 12:10:51,284 INFO o.a.j.p.h.c.CookieManager: Settings: Delete null: true Check: true Allow variable: true Save: false Prefix: COOKIE_
2026-08-18 12:10:51,345 INFO o.a.j.p.h.s.HTTPSamplerBase: Parser for text/html is org.apache.jmeter.protocol.http.parser.LagartoBasedHtmlParser
2026-08-18 12:10:51,345 INFO o.a.j.p.h.s.HTTPSamplerBase: Parser for application/xhtml+xml is org.apache.jmeter.protocol.http.parser.LagartoBasedHtmlParser
2026-08-18 12:10:51,345 INFO o.a.j.p.h.s.HTTPSamplerBase: Parser for application/xml is org.apache.jmeter.protocol.http.parser.LagartoBasedHtmlParser
2026-08-18 12:10:51,345 INFO o.a.j.p.h.s.HTTPSamplerBase: Parser for text/xml is org.apache.jmeter.protocol.http.parser.LagartoBasedHtmlParser
2026-08-18 12:10:51,345 INFO o.a.j.p.h.s.HTTPSamplerBase: Parser for text/vnd.wap.wml is org.apache.jmeter.protocol.http.parser.RegexpHTMLParser
2026-08-18 12:10:51,345 INFO o.a.j.p.h.s.HTTPSamplerBase: Parser for text/css is org.apache.jmeter.protocol.http.parser.CssParser
2026-08-18 12:10:51,741 INFO o.a.j.e.KeyToolUtils: keytool found at 'keytool'
2026-08-18 12:10:51,743 INFO o.a.j.p.h.p.ProxyControl: HTTP(S) Test Script Recorder SSL Proxy will use keys that support embedded 3rd party resources in file D:\apache-jmeter-5.6.3\bin\proxyserver.jks
2026-08-18 12:10:51,765 INFO o.a.j.JMeter: Creating summariser <summary>
2026-08-18 12:10:51,786 INFO o.a.j.e.StandardJMeterEngine: Running the test!
2026-08-18 12:10:51,787 INFO o.a.j.s.SampleEvent: List of sample_variables: []
2026-08-18 12:10:51,787 INFO o.a.j.s.SampleEvent: List of sample_variables: []
2026-08-18 12:10:51,797 INFO o.a.j.e.u.CompoundVariable: Note: Function class names must contain the string: '.functions.'
2026-08-18 12:10:51,797 INFO o.a.j.e.u.CompoundVariable: Note: Function class names must not contain the string: '.gui.'
2026-08-18 12:10:51,931 INFO o.a.j.r.ClassFinder: Will scan jar D:\apache-jmeter-5.6.3\lib\ext\jmeter-plugins-manager-1.12.jar with filter ExtendsClassFilter [parents=[interface org.apache.jmeter.functions.Function], inner=false, contains=null, notContains=null]. Consider exposing JMeter plugins via META-INF/services, and add JMeter-Skip-Class-Scanning=true manifest attribute so JMeter can skip classfile scanning
2026-08-18 12:10:52,135 INFO o.a.j.r.ClassFinder: Will scan jar D:\apache-jmeter-5.6.3\lib\ext\jmeter-parallel-0.12.jar with filter ExtendsClassFilter [parents=[interface org.apache.jmeter.functions.Function], inner=false, contains=null, notContains=null]. Consider exposing JMeter plugins via META-INF/services, and add JMeter-Skip-Class-Scanning=true manifest attribute so JMeter can skip classfile scanning
2026-08-18 12:10:52,155 INFO o.a.j.r.ClassFinder: Will scan jar D:\apache-jmeter-5.6.3\lib\ext\jmeter-plugins-senseuploader-3.5.jar with filter ExtendsClassFilter [parents=[interface org.apache.jmeter.functions.Function], inner=false, contains=null, notContains=null]. Consider exposing JMeter plugins via META-INF/services, and add JMeter-Skip-Class-Scanning=true manifest attribute so JMeter can skip classfile scanning
2026-08-18 12:10:52,404 INFO o.a.j.JMeter: Running test (1787035252404)
2026-08-18 12:10:52,451 INFO o.a.j.e.StandardJMeterEngine: Starting ThreadGroup: 1 : Thread Group
2026-08-18 12:10:52,457 INFO o.a.j.e.StandardJMeterEngine: Starting 3 threads for group Thread Group.
2026-08-18 12:10:52,457 INFO o.a.j.e.StandardJMeterEngine: Thread will continue on error
2026-08-18 12:10:52,457 INFO o.a.j.t.ThreadGroup: Starting thread group... number=1 threads=3 ramp-up=10 delayedStart=false
2026-08-18 12:10:52,485 INFO o.a.j.t.ThreadGroup: Started thread group number 1
2026-08-18 12:10:52,485 INFO o.a.j.e.StandardJMeterEngine: All thread groups have been started
2026-08-18 12:10:52,483 INFO o.a.j.s.SampleResult: Note: Sample TimeStamps are START times
2026-08-18 12:10:52,485 INFO o.a.j.s.SampleResult: sampleresult.default.encoding is set to UTF-8
2026-08-18 12:10:52,485 INFO o.a.j.s.SampleResult: sampleresult.useNanoTime=true
2026-08-18 12:10:52,485 INFO o.a.j.s.SampleResult: sampleresult.nanoThreadSleep=5000
2026-08-18 12:10:52,515 INFO o.a.j.t.JMeterThread: Thread started: Thread Group 1-1
2026-08-18 12:10:52,590 INFO o.a.j.p.h.s.HTTPHCAbstractImpl: Local host = AICPL-L224
2026-08-18 12:10:52,602 INFO o.a.j.p.h.s.HTTPHC4Impl: HTTP request retry count = 0
2026-08-18 12:10:53,270 INFO o.a.j.p.h.s.h.LazyLayeredConnectionSocketFactory: Setting up HTTPS TrustAll Socket Factory
2026-08-18 12:10:53,287 INFO o.a.j.u.JsseSSLManager: Using default SSL protocol: TLS
2026-08-18 12:10:53,287 INFO o.a.j.u.JsseSSLManager: SSL session context: per-thread
2026-08-18 12:10:53,911 INFO o.a.j.u.SSLManager: JmeterKeyStore Location:  type JKS
2026-08-18 12:10:53,920 INFO o.a.j.u.SSLManager: KeyStore created OK
2026-08-18 12:10:53,921 WARN o.a.j.u.SSLManager: Keystore file not found, loading empty keystore
2026-08-18 12:10:55,155 INFO o.a.j.r.Summariser: summary +      1 in 00:00:03 =    0.4/s Avg:  2455 Min:  2455 Max:  2455 Err:     0 (0.00%) Active: 1 Started: 1 Finished: 0
2026-08-18 12:10:55,849 INFO o.a.j.t.JMeterThread: Thread started: Thread Group 1-2
2026-08-18 12:10:58,469 WARN o.a.j.p.h.s.HTTPSamplerBase: Existing CookieManager HTTP Cookie Manager superseded by HTTP Cookie Manager
2026-08-18 12:10:59,179 INFO o.a.j.t.JMeterThread: Thread started: Thread Group 1-3
2026-08-18 12:10:59,953 WARN o.a.j.p.h.s.HTTPSamplerBase: Existing CookieManager HTTP Cookie Manager superseded by HTTP Cookie Manager
2026-08-18 12:11:01,271 INFO o.a.j.r.Summariser: summary +     50 in 00:00:06 =    8.2/s Avg:   257 Min:   168 Max:   978 Err:     0 (0.00%) Active: 3 Started: 3 Finished: 0
2026-08-18 12:11:01,272 INFO o.a.j.r.Summariser: summary =     51 in 00:00:09 =    5.8/s Avg:   300 Min:   168 Max:  2455 Err:     0 (0.00%)
2026-08-18 12:11:01,272 WARN o.a.j.p.h.s.HTTPSamplerBase: Existing CookieManager HTTP Cookie Manager superseded by HTTP Cookie Manager
2026-08-18 12:11:01,633 WARN o.a.j.p.h.s.HTTPSamplerBase: Existing CookieManager HTTP Cookie Manager superseded by HTTP Cookie Manager
2026-08-18 12:11:03,355 WARN o.a.j.p.h.s.HTTPSamplerBase: Existing CookieManager HTTP Cookie Manager superseded by HTTP Cookie Manager
2026-08-18 12:11:03,725 WARN o.a.j.p.h.s.HTTPSamplerBase: Existing CookieManager HTTP Cookie Manager superseded by HTTP Cookie Manager
2026-08-18 12:11:03,784 WARN o.a.j.p.h.s.HTTPSamplerBase: Existing CookieManager HTTP Cookie Manager superseded by HTTP Cookie Manager
2026-08-18 12:11:04,780 WARN o.a.j.p.h.s.HTTPSamplerBase: Existing CookieManager HTTP Cookie Manager superseded by HTTP Cookie Manager
2026-08-18 12:11:05,141 WARN o.a.j.p.h.s.HTTPSamplerBase: Existing CookieManager HTTP Cookie Manager superseded by HTTP Cookie Manager
2026-08-18 12:11:06,416 WARN o.a.j.p.h.s.HTTPSamplerBase: Existing CookieManager HTTP Cookie Manager superseded by HTTP Cookie Manager
2026-08-18 12:11:06,615 WARN o.a.j.p.h.s.HTTPSamplerBase: Existing CookieManager HTTP Cookie Manager superseded by HTTP Cookie Manager
2026-08-18 12:11:06,797 WARN o.a.j.p.h.s.HTTPSamplerBase: Existing CookieManager HTTP Cookie Manager superseded by HTTP Cookie Manager
2026-08-18 12:11:07,009 INFO o.a.j.r.Summariser: summary +     79 in 00:00:06 =   13.8/s Avg:   223 Min:   165 Max:   510 Err:     0 (0.00%) Active: 3 Started: 3 Finished: 0
2026-08-18 12:11:07,010 INFO o.a.j.r.Summariser: summary =    130 in 00:00:15 =    8.9/s Avg:   253 Min:   165 Max:  2455 Err:     0 (0.00%)
2026-08-18 12:11:07,010 WARN o.a.j.p.h.s.HTTPSamplerBase: Existing CookieManager HTTP Cookie Manager superseded by HTTP Cookie Manager
2026-08-18 12:11:07,838 WARN o.a.j.p.h.s.HTTPSamplerBase: Existing CookieManager HTTP Cookie Manager superseded by HTTP Cookie Manager
2026-08-18 12:11:08,205 WARN o.a.j.p.h.s.HTTPSamplerBase: Existing CookieManager HTTP Cookie Manager superseded by HTTP Cookie Manager
2026-08-18 12:11:09,750 WARN o.a.j.p.h.s.HTTPSamplerBase: Existing CookieManager HTTP Cookie Manager superseded by HTTP Cookie Manager
2026-08-18 12:11:09,863 WARN o.a.j.p.h.s.HTTPSamplerBase: Existing CookieManager HTTP Cookie Manager superseded by HTTP Cookie Manager
2026-08-18 12:11:10,178 WARN o.a.j.p.h.s.HTTPSamplerBase: Existing CookieManager HTTP Cookie Manager superseded by HTTP Cookie Manager
2026-08-18 12:11:10,227 WARN o.a.j.p.h.s.HTTPSamplerBase: Existing CookieManager HTTP Cookie Manager superseded by HTTP Cookie Manager
2026-08-18 12:11:10,863 WARN o.a.j.p.h.s.HTTPSamplerBase: Existing CookieManager HTTP Cookie Manager superseded by HTTP Cookie Manager
2026-08-18 12:11:11,207 WARN o.a.j.p.h.s.HTTPSamplerBase: Existing CookieManager HTTP Cookie Manager superseded by HTTP Cookie Manager
2026-08-18 12:11:13,025 INFO o.a.j.r.Summariser: summary +     80 in 00:00:06 =   13.3/s Avg:   221 Min:   165 Max:   492 Err:     0 (0.00%) Active: 3 Started: 3 Finished: 0
2026-08-18 12:11:13,025 INFO o.a.j.r.Summariser: summary =    210 in 00:00:21 =   10.2/s Avg:   241 Min:   165 Max:  2455 Err:     0 (0.00%)
2026-08-18 12:11:13,247 WARN o.a.j.p.h.s.HTTPSamplerBase: Existing CookieManager HTTP Cookie Manager superseded by HTTP Cookie Manager
2026-08-18 12:11:13,292 WARN o.a.j.p.h.s.HTTPSamplerBase: Existing CookieManager HTTP Cookie Manager superseded by HTTP Cookie Manager
2026-08-18 12:11:13,644 WARN o.a.j.p.h.s.HTTPSamplerBase: Existing CookieManager HTTP Cookie Manager superseded by HTTP Cookie Manager
2026-08-18 12:11:13,660 WARN o.a.j.p.h.s.HTTPSamplerBase: Existing CookieManager HTTP Cookie Manager superseded by HTTP Cookie Manager
2026-08-18 12:11:13,913 WARN o.a.j.p.h.s.HTTPSamplerBase: Existing CookieManager HTTP Cookie Manager superseded by HTTP Cookie Manager
2026-08-18 12:11:14,252 WARN o.a.j.p.h.s.HTTPSamplerBase: Existing CookieManager HTTP Cookie Manager superseded by HTTP Cookie Manager
2026-08-18 12:11:16,533 WARN o.a.j.p.h.s.HTTPSamplerBase: Existing CookieManager HTTP Cookie Manager superseded by HTTP Cookie Manager
2026-08-18 12:11:16,721 WARN o.a.j.p.h.s.HTTPSamplerBase: Existing CookieManager HTTP Cookie Manager superseded by HTTP Cookie Manager
2026-08-18 12:11:16,949 WARN o.a.j.p.h.s.HTTPSamplerBase: Existing CookieManager HTTP Cookie Manager superseded by HTTP Cookie Manager
2026-08-18 12:11:16,972 WARN o.a.j.p.h.s.HTTPSamplerBase: Existing CookieManager HTTP Cookie Manager superseded by HTTP Cookie Manager
2026-08-18 12:11:17,091 WARN o.a.j.p.h.s.HTTPSamplerBase: Existing CookieManager HTTP Cookie Manager superseded by HTTP Cookie Manager
2026-08-18 12:11:17,307 WARN o.a.j.p.h.s.HTTPSamplerBase: Existing CookieManager HTTP Cookie Manager superseded by HTTP Cookie Manager
2026-08-18 12:11:19,026 INFO o.a.j.r.Summariser: summary +     79 in 00:00:06 =   13.1/s Avg:   222 Min:   155 Max:   477 Err:     0 (0.00%) Active: 3 Started: 3 Finished: 0
2026-08-18 12:11:19,027 INFO o.a.j.r.Summariser: summary =    289 in 00:00:27 =   10.9/s Avg:   236 Min:   155 Max:  2455 Err:     0 (0.00%)
2026-08-18 12:11:20,094 WARN o.a.j.p.h.s.HTTPSamplerBase: Existing CookieManager HTTP Cookie Manager superseded by HTTP Cookie Manager
2026-08-18 12:11:20,354 WARN o.a.j.p.h.s.HTTPSamplerBase: Existing CookieManager HTTP Cookie Manager superseded by HTTP Cookie Manager
2026-08-18 12:11:20,431 WARN o.a.j.p.h.s.HTTPSamplerBase: Existing CookieManager HTTP Cookie Manager superseded by HTTP Cookie Manager
2026-08-18 12:11:20,456 WARN o.a.j.p.h.s.HTTPSamplerBase: Existing CookieManager HTTP Cookie Manager superseded by HTTP Cookie Manager
2026-08-18 12:11:20,730 WARN o.a.j.p.h.s.HTTPSamplerBase: Existing CookieManager HTTP Cookie Manager superseded by HTTP Cookie Manager
2026-08-18 12:11:20,753 WARN o.a.j.p.h.s.HTTPSamplerBase: Existing CookieManager HTTP Cookie Manager superseded by HTTP Cookie Manager
2026-08-18 12:11:23,182 WARN o.a.j.p.h.s.HTTPSamplerBase: Existing CookieManager HTTP Cookie Manager superseded by HTTP Cookie Manager
2026-08-18 12:11:23,288 WARN o.a.j.p.h.s.HTTPSamplerBase: Existing CookieManager HTTP Cookie Manager superseded by HTTP Cookie Manager
2026-08-18 12:11:23,538 WARN o.a.j.p.h.s.HTTPSamplerBase: Existing CookieManager HTTP Cookie Manager superseded by HTTP Cookie Manager
2026-08-18 12:11:23,618 WARN o.a.j.p.h.s.HTTPSamplerBase: Existing CookieManager HTTP Cookie Manager superseded by HTTP Cookie Manager
2026-08-18 12:11:23,764 WARN o.a.j.p.h.s.HTTPSamplerBase: Existing CookieManager HTTP Cookie Manager superseded by HTTP Cookie Manager
2026-08-18 12:11:24,547 WARN o.a.j.p.h.s.HTTPSamplerBase: Existing CookieManager HTTP Cookie Manager superseded by HTTP Cookie Manager
2026-08-18 12:11:25,106 INFO o.a.j.r.Summariser: summary +     83 in 00:00:06 =   13.7/s Avg:   218 Min:   147 Max:   548 Err:     0 (0.00%) Active: 3 Started: 3 Finished: 0
2026-08-18 12:11:25,108 INFO o.a.j.r.Summariser: summary =    372 in 00:00:33 =   11.4/s Avg:   232 Min:   147 Max:  2455 Err:     0 (0.00%)
2026-08-18 12:11:27,183 WARN o.a.j.p.h.s.HTTPSamplerBase: Existing CookieManager HTTP Cookie Manager superseded by HTTP Cookie Manager
2026-08-18 12:11:27,183 WARN o.a.j.p.h.s.HTTPSamplerBase: Existing CookieManager HTTP Cookie Manager superseded by HTTP Cookie Manager
2026-08-18 12:11:27,518 WARN o.a.j.p.h.s.HTTPSamplerBase: Existing CookieManager HTTP Cookie Manager superseded by HTTP Cookie Manager
2026-08-18 12:11:27,541 WARN o.a.j.p.h.s.HTTPSamplerBase: Existing CookieManager HTTP Cookie Manager superseded by HTTP Cookie Manager
2026-08-18 12:11:28,120 WARN o.a.j.p.h.s.HTTPSamplerBase: Existing CookieManager HTTP Cookie Manager superseded by HTTP Cookie Manager
2026-08-18 12:11:28,528 WARN o.a.j.p.h.s.HTTPSamplerBase: Existing CookieManager HTTP Cookie Manager superseded by HTTP Cookie Manager
2026-08-18 12:11:30,004 WARN o.a.j.p.h.s.HTTPSamplerBase: Existing CookieManager HTTP Cookie Manager superseded by HTTP Cookie Manager
2026-08-18 12:11:30,284 WARN o.a.j.p.h.s.HTTPSamplerBase: Existing CookieManager HTTP Cookie Manager superseded by HTTP Cookie Manager
2026-08-18 12:11:30,353 WARN o.a.j.p.h.s.HTTPSamplerBase: Existing CookieManager HTTP Cookie Manager superseded by HTTP Cookie Manager
2026-08-18 12:11:30,679 WARN o.a.j.p.h.s.HTTPSamplerBase: Existing CookieManager HTTP Cookie Manager superseded by HTTP Cookie Manager
2026-08-18 12:11:31,067 INFO o.a.j.r.Summariser: summary +     77 in 00:00:06 =   12.9/s Avg:   232 Min:   145 Max:   471 Err:     0 (0.00%) Active: 3 Started: 3 Finished: 0
2026-08-18 12:11:31,067 INFO o.a.j.r.Summariser: summary =    449 in 00:00:39 =   11.6/s Avg:   232 Min:   145 Max:  2455 Err:     0 (0.00%)
2026-08-18 12:11:31,511 WARN o.a.j.p.h.s.HTTPSamplerBase: Existing CookieManager HTTP Cookie Manager superseded by HTTP Cookie Manager
2026-08-18 12:11:31,881 WARN o.a.j.p.h.s.HTTPSamplerBase: Existing CookieManager HTTP Cookie Manager superseded by HTTP Cookie Manager
2026-08-18 12:11:32,847 WARN o.a.j.p.h.s.HTTPSamplerBase: Existing CookieManager HTTP Cookie Manager superseded by HTTP Cookie Manager
2026-08-18 12:11:33,194 WARN o.a.j.p.h.s.HTTPSamplerBase: Existing CookieManager HTTP Cookie Manager superseded by HTTP Cookie Manager
2026-08-18 12:11:33,461 WARN o.a.j.p.h.s.HTTPSamplerBase: Existing CookieManager HTTP Cookie Manager superseded by HTTP Cookie Manager
2026-08-18 12:11:33,894 WARN o.a.j.p.h.s.HTTPSamplerBase: Existing CookieManager HTTP Cookie Manager superseded by HTTP Cookie Manager
2026-08-18 12:11:35,309 WARN o.a.j.p.h.s.HTTPSamplerBase: Existing CookieManager HTTP Cookie Manager superseded by HTTP Cookie Manager
2026-08-18 12:11:35,724 WARN o.a.j.p.h.s.HTTPSamplerBase: Existing CookieManager HTTP Cookie Manager superseded by HTTP Cookie Manager
2026-08-18 12:11:36,627 WARN o.a.j.p.h.s.HTTPSamplerBase: Existing CookieManager HTTP Cookie Manager superseded by HTTP Cookie Manager
2026-08-18 12:11:37,107 INFO o.a.j.r.Summariser: summary +     74 in 00:00:06 =   12.3/s Avg:   243 Min:   151 Max:   640 Err:     0 (0.00%) Active: 3 Started: 3 Finished: 0
2026-08-18 12:11:37,110 WARN o.a.j.p.h.s.HTTPSamplerBase: Existing CookieManager HTTP Cookie Manager superseded by HTTP Cookie Manager
2026-08-18 12:11:37,110 INFO o.a.j.r.Summariser: summary =    523 in 00:00:45 =   11.7/s Avg:   233 Min:   145 Max:  2455 Err:     0 (0.00%)
2026-08-18 12:11:37,494 WARN o.a.j.p.h.s.HTTPSamplerBase: Existing CookieManager HTTP Cookie Manager superseded by HTTP Cookie Manager
2026-08-18 12:11:37,858 WARN o.a.j.p.h.s.HTTPSamplerBase: Existing CookieManager HTTP Cookie Manager superseded by HTTP Cookie Manager
2026-08-18 12:11:38,822 WARN o.a.j.p.h.s.HTTPSamplerBase: Existing CookieManager HTTP Cookie Manager superseded by HTTP Cookie Manager
2026-08-18 12:11:39,189 WARN o.a.j.p.h.s.HTTPSamplerBase: Existing CookieManager HTTP Cookie Manager superseded by HTTP Cookie Manager
2026-08-18 12:11:39,705 WARN o.a.j.p.h.s.HTTPSamplerBase: Existing CookieManager HTTP Cookie Manager superseded by HTTP Cookie Manager
2026-08-18 12:11:40,057 WARN o.a.j.p.h.s.HTTPSamplerBase: Existing CookieManager HTTP Cookie Manager superseded by HTTP Cookie Manager
2026-08-18 12:11:40,671 WARN o.a.j.p.h.s.HTTPSamplerBase: Existing CookieManager HTTP Cookie Manager superseded by HTTP Cookie Manager
2026-08-18 12:11:41,038 WARN o.a.j.p.h.s.HTTPSamplerBase: Existing CookieManager HTTP Cookie Manager superseded by HTTP Cookie Manager
2026-08-18 12:11:42,190 WARN o.a.j.p.h.s.HTTPSamplerBase: Existing CookieManager HTTP Cookie Manager superseded by HTTP Cookie Manager
2026-08-18 12:11:42,662 WARN o.a.j.p.h.s.HTTPSamplerBase: Existing CookieManager HTTP Cookie Manager superseded by HTTP Cookie Manager
2026-08-18 12:11:42,687 WARN o.a.j.p.h.s.HTTPSamplerBase: Existing CookieManager HTTP Cookie Manager superseded by HTTP Cookie Manager
2026-08-18 12:11:43,003 INFO o.a.j.r.Summariser: summary +     85 in 00:00:06 =   14.4/s Avg:   210 Min:   152 Max:   442 Err:     0 (0.00%) Active: 3 Started: 3 Finished: 0
2026-08-18 12:11:43,005 INFO o.a.j.r.Summariser: summary =    608 in 00:00:51 =   12.0/s Avg:   230 Min:   145 Max:  2455 Err:     0 (0.00%)
2026-08-18 12:11:43,069 WARN o.a.j.p.h.s.HTTPSamplerBase: Existing CookieManager HTTP Cookie Manager superseded by HTTP Cookie Manager
2026-08-18 12:11:44,114 WARN o.a.j.p.h.s.HTTPSamplerBase: Existing CookieManager HTTP Cookie Manager superseded by HTTP Cookie Manager
2026-08-18 12:11:44,469 WARN o.a.j.p.h.s.HTTPSamplerBase: Existing CookieManager HTTP Cookie Manager superseded by HTTP Cookie Manager
2026-08-18 12:11:45,612 WARN o.a.j.p.h.s.HTTPSamplerBase: Existing CookieManager HTTP Cookie Manager superseded by HTTP Cookie Manager
2026-08-18 12:11:45,668 WARN o.a.j.p.h.s.HTTPSamplerBase: Existing CookieManager HTTP Cookie Manager superseded by HTTP Cookie Manager
2026-08-18 12:11:46,068 WARN o.a.j.p.h.s.HTTPSamplerBase: Existing CookieManager HTTP Cookie Manager superseded by HTTP Cookie Manager
2026-08-18 12:11:46,068 WARN o.a.j.p.h.s.HTTPSamplerBase: Existing CookieManager HTTP Cookie Manager superseded by HTTP Cookie Manager
2026-08-18 12:11:47,582 WARN o.a.j.p.h.s.HTTPSamplerBase: Existing CookieManager HTTP Cookie Manager superseded by HTTP Cookie Manager
2026-08-18 12:11:47,983 WARN o.a.j.p.h.s.HTTPSamplerBase: Existing CookieManager HTTP Cookie Manager superseded by HTTP Cookie Manager
2026-08-18 12:11:49,065 INFO o.a.j.r.Summariser: summary +     78 in 00:00:06 =   12.9/s Avg:   231 Min:   169 Max:   623 Err:     0 (0.00%) Active: 3 Started: 3 Finished: 0
2026-08-18 12:11:49,065 INFO o.a.j.r.Summariser: summary =    686 in 00:00:57 =   12.1/s Avg:   230 Min:   145 Max:  2455 Err:     0 (0.00%)
2026-08-18 12:11:49,232 WARN o.a.j.p.h.s.HTTPSamplerBase: Existing CookieManager HTTP Cookie Manager superseded by HTTP Cookie Manager
2026-08-18 12:11:49,285 WARN o.a.j.p.h.s.HTTPSamplerBase: Existing CookieManager HTTP Cookie Manager superseded by HTTP Cookie Manager
2026-08-18 12:11:49,601 WARN o.a.j.p.h.s.HTTPSamplerBase: Existing CookieManager HTTP Cookie Manager superseded by HTTP Cookie Manager
2026-08-18 12:11:49,664 WARN o.a.j.p.h.s.HTTPSamplerBase: Existing CookieManager HTTP Cookie Manager superseded by HTTP Cookie Manager
2026-08-18 12:11:50,863 WARN o.a.j.p.h.s.HTTPSamplerBase: Existing CookieManager HTTP Cookie Manager superseded by HTTP Cookie Manager
2026-08-18 12:11:51,246 WARN o.a.j.p.h.s.HTTPSamplerBase: Existing CookieManager HTTP Cookie Manager superseded by HTTP Cookie Manager
2026-08-18 12:11:52,133 WARN o.a.j.p.h.s.HTTPSamplerBase: Existing CookieManager HTTP Cookie Manager superseded by HTTP Cookie Manager
2026-08-18 12:11:52,463 WARN o.a.j.p.h.s.HTTPSamplerBase: Existing CookieManager HTTP Cookie Manager superseded by HTTP Cookie Manager
2026-08-18 12:11:52,631 WARN o.a.j.p.h.s.HTTPSamplerBase: Existing CookieManager HTTP Cookie Manager superseded by HTTP Cookie Manager
2026-08-18 12:11:53,016 WARN o.a.j.p.h.s.HTTPSamplerBase: Existing CookieManager HTTP Cookie Manager superseded by HTTP Cookie Manager
2026-08-18 12:11:53,948 WARN o.a.j.p.h.s.HTTPSamplerBase: Existing CookieManager HTTP Cookie Manager superseded by HTTP Cookie Manager
2026-08-18 12:11:54,320 WARN o.a.j.p.h.s.HTTPSamplerBase: Existing CookieManager HTTP Cookie Manager superseded by HTTP Cookie Manager
2026-08-18 12:11:55,037 INFO o.a.j.r.Summariser: summary +     85 in 00:00:06 =   14.2/s Avg:   208 Min:   154 Max:   736 Err:     0 (0.00%) Active: 3 Started: 3 Finished: 0
2026-08-18 12:11:55,037 INFO o.a.j.r.Summariser: summary =    771 in 00:01:03 =   12.3/s Avg:   228 Min:   145 Max:  2455 Err:     0 (0.00%)
2026-08-18 12:11:55,402 WARN o.a.j.p.h.s.HTTPSamplerBase: Existing CookieManager HTTP Cookie Manager superseded by HTTP Cookie Manager
2026-08-18 12:11:55,728 WARN o.a.j.p.h.s.HTTPSamplerBase: Existing CookieManager HTTP Cookie Manager superseded by HTTP Cookie Manager
2026-08-18 12:11:55,903 WARN o.a.j.p.h.s.HTTPSamplerBase: Existing CookieManager HTTP Cookie Manager superseded by HTTP Cookie Manager
2026-08-18 12:11:56,265 WARN o.a.j.p.h.s.HTTPSamplerBase: Existing CookieManager HTTP Cookie Manager superseded by HTTP Cookie Manager
2026-08-18 12:11:57,431 WARN o.a.j.p.h.s.HTTPSamplerBase: Existing CookieManager HTTP Cookie Manager superseded by HTTP Cookie Manager
2026-08-18 12:11:57,780 WARN o.a.j.p.h.s.HTTPSamplerBase: Existing CookieManager HTTP Cookie Manager superseded by HTTP Cookie Manager
2026-08-18 12:11:58,374 WARN o.a.j.p.h.s.HTTPSamplerBase: Existing CookieManager HTTP Cookie Manager superseded by HTTP Cookie Manager
2026-08-18 12:11:58,926 WARN o.a.j.p.h.s.HTTPSamplerBase: Existing CookieManager HTTP Cookie Manager superseded by HTTP Cookie Manager
2026-08-18 12:11:58,989 WARN o.a.j.p.h.s.HTTPSamplerBase: Existing CookieManager HTTP Cookie Manager superseded by HTTP Cookie Manager
2026-08-18 12:11:59,355 WARN o.a.j.p.h.s.HTTPSamplerBase: Existing CookieManager HTTP Cookie Manager superseded by HTTP Cookie Manager
2026-08-18 12:12:00,309 WARN o.a.j.p.h.s.HTTPSamplerBase: Existing CookieManager HTTP Cookie Manager superseded by HTTP Cookie Manager
2026-08-18 12:12:00,756 WARN o.a.j.p.h.s.HTTPSamplerBase: Existing CookieManager HTTP Cookie Manager superseded by HTTP Cookie Manager
2026-08-18 12:12:01,018 INFO o.a.j.r.Summariser: summary +     85 in 00:00:06 =   14.2/s Avg:   213 Min:   147 Max:   607 Err:     0 (0.00%) Active: 3 Started: 3 Finished: 0
2026-08-18 12:12:01,020 INFO o.a.j.r.Summariser: summary =    856 in 00:01:09 =   12.5/s Avg:   226 Min:   145 Max:  2455 Err:     0 (0.00%)
2026-08-18 12:12:01,655 WARN o.a.j.p.h.s.HTTPSamplerBase: Existing CookieManager HTTP Cookie Manager superseded by HTTP Cookie Manager
2026-08-18 12:12:02,025 WARN o.a.j.p.h.s.HTTPSamplerBase: Existing CookieManager HTTP Cookie Manager superseded by HTTP Cookie Manager
2026-08-18 12:12:02,257 WARN o.a.j.p.h.s.HTTPSamplerBase: Existing CookieManager HTTP Cookie Manager superseded by HTTP Cookie Manager
2026-08-18 12:12:02,584 WARN o.a.j.p.h.s.HTTPSamplerBase: Existing CookieManager HTTP Cookie Manager superseded by HTTP Cookie Manager
2026-08-18 12:12:03,397 WARN o.a.j.p.h.s.HTTPSamplerBase: Existing CookieManager HTTP Cookie Manager superseded by HTTP Cookie Manager
2026-08-18 12:12:03,739 WARN o.a.j.p.h.s.HTTPSamplerBase: Existing CookieManager HTTP Cookie Manager superseded by HTTP Cookie Manager
2026-08-18 12:12:04,650 WARN o.a.j.p.h.s.HTTPSamplerBase: Existing CookieManager HTTP Cookie Manager superseded by HTTP Cookie Manager
2026-08-18 12:12:05,034 WARN o.a.j.p.h.s.HTTPSamplerBase: Existing CookieManager HTTP Cookie Manager superseded by HTTP Cookie Manager
2026-08-18 12:12:05,062 WARN o.a.j.p.h.s.HTTPSamplerBase: Existing CookieManager HTTP Cookie Manager superseded by HTTP Cookie Manager
2026-08-18 12:12:05,536 WARN o.a.j.p.h.s.HTTPSamplerBase: Existing CookieManager HTTP Cookie Manager superseded by HTTP Cookie Manager
2026-08-18 12:12:06,306 WARN o.a.j.p.h.s.HTTPSamplerBase: Existing CookieManager HTTP Cookie Manager superseded by HTTP Cookie Manager
2026-08-18 12:12:06,711 WARN o.a.j.p.h.s.HTTPSamplerBase: Existing CookieManager HTTP Cookie Manager superseded by HTTP Cookie Manager
2026-08-18 12:12:07,087 INFO o.a.j.r.Summariser: summary +     92 in 00:00:06 =   15.2/s Avg:   197 Min:   152 Max:   385 Err:     0 (0.00%) Active: 3 Started: 3 Finished: 0
2026-08-18 12:12:07,095 INFO o.a.j.r.Summariser: summary =    948 in 00:01:15 =   12.7/s Avg:   223 Min:   145 Max:  2455 Err:     0 (0.00%)
2026-08-18 12:12:07,704 WARN o.a.j.p.h.s.HTTPSamplerBase: Existing CookieManager HTTP Cookie Manager superseded by HTTP Cookie Manager
2026-08-18 12:12:08,030 WARN o.a.j.p.h.s.HTTPSamplerBase: Existing CookieManager HTTP Cookie Manager superseded by HTTP Cookie Manager
2026-08-18 12:12:08,062 WARN o.a.j.p.h.s.HTTPSamplerBase: Existing CookieManager HTTP Cookie Manager superseded by HTTP Cookie Manager
2026-08-18 12:12:08,410 WARN o.a.j.p.h.s.HTTPSamplerBase: Existing CookieManager HTTP Cookie Manager superseded by HTTP Cookie Manager
2026-08-18 12:12:09,293 WARN o.a.j.p.h.s.HTTPSamplerBase: Existing CookieManager HTTP Cookie Manager superseded by HTTP Cookie Manager
2026-08-18 12:12:09,603 WARN o.a.j.p.h.s.HTTPSamplerBase: Existing CookieManager HTTP Cookie Manager superseded by HTTP Cookie Manager
2026-08-18 12:12:10,681 WARN o.a.j.p.h.s.HTTPSamplerBase: Existing CookieManager HTTP Cookie Manager superseded by HTTP Cookie Manager
2026-08-18 12:12:10,892 WARN o.a.j.p.h.s.HTTPSamplerBase: Existing CookieManager HTTP Cookie Manager superseded by HTTP Cookie Manager
2026-08-18 12:12:11,060 WARN o.a.j.p.h.s.HTTPSamplerBase: Existing CookieManager HTTP Cookie Manager superseded by HTTP Cookie Manager
2026-08-18 12:12:11,367 WARN o.a.j.p.h.s.HTTPSamplerBase: Existing CookieManager HTTP Cookie Manager superseded by HTTP Cookie Manager
2026-08-18 12:12:12,564 WARN o.a.j.p.h.s.HTTPSamplerBase: Existing CookieManager HTTP Cookie Manager superseded by HTTP Cookie Manager
2026-08-18 12:12:12,952 WARN o.a.j.p.h.s.HTTPSamplerBase: Existing CookieManager HTTP Cookie Manager superseded by HTTP Cookie Manager
2026-08-18 12:12:13,090 INFO o.a.j.r.Summariser: summary +     86 in 00:00:06 =   14.3/s Avg:   207 Min:   149 Max:   532 Err:     0 (0.00%) Active: 3 Started: 3 Finished: 0
2026-08-18 12:12:13,090 INFO o.a.j.r.Summariser: summary =   1034 in 00:01:21 =   12.8/s Avg:   222 Min:   145 Max:  2455 Err:     0 (0.00%)
2026-08-18 12:12:14,218 WARN o.a.j.p.h.s.HTTPSamplerBase: Existing CookieManager HTTP Cookie Manager superseded by HTTP Cookie Manager
2026-08-18 12:12:14,359 WARN o.a.j.p.h.s.HTTPSamplerBase: Existing CookieManager HTTP Cookie Manager superseded by HTTP Cookie Manager
2026-08-18 12:12:14,577 WARN o.a.j.p.h.s.HTTPSamplerBase: Existing CookieManager HTTP Cookie Manager superseded by HTTP Cookie Manager
2026-08-18 12:12:14,734 WARN o.a.j.p.h.s.HTTPSamplerBase: Existing CookieManager HTTP Cookie Manager superseded by HTTP Cookie Manager
2026-08-18 12:12:15,839 WARN o.a.j.p.h.s.HTTPSamplerBase: Existing CookieManager HTTP Cookie Manager superseded by HTTP Cookie Manager
2026-08-18 12:12:16,198 WARN o.a.j.p.h.s.HTTPSamplerBase: Existing CookieManager HTTP Cookie Manager superseded by HTTP Cookie Manager
2026-08-18 12:12:17,196 WARN o.a.j.p.h.s.HTTPSamplerBase: Existing CookieManager HTTP Cookie Manager superseded by HTTP Cookie Manager
2026-08-18 12:12:17,231 WARN o.a.j.p.h.s.HTTPSamplerBase: Existing CookieManager HTTP Cookie Manager superseded by HTTP Cookie Manager
2026-08-18 12:12:17,571 WARN o.a.j.p.h.s.HTTPSamplerBase: Existing CookieManager HTTP Cookie Manager superseded by HTTP Cookie Manager
2026-08-18 12:12:17,597 WARN o.a.j.p.h.s.HTTPSamplerBase: Existing CookieManager HTTP Cookie Manager superseded by HTTP Cookie Manager
2026-08-18 12:12:19,026 INFO o.a.j.r.Summariser: summary +     78 in 00:00:06 =   13.1/s Avg:   222 Min:   165 Max:   625 Err:     0 (0.00%) Active: 3 Started: 3 Finished: 0
2026-08-18 12:12:19,027 INFO o.a.j.r.Summariser: summary =   1112 in 00:01:27 =   12.8/s Avg:   222 Min:   145 Max:  2455 Err:     0 (0.00%)
2026-08-18 12:12:19,526 WARN o.a.j.p.h.s.HTTPSamplerBase: Existing CookieManager HTTP Cookie Manager superseded by HTTP Cookie Manager
2026-08-18 12:12:19,844 WARN o.a.j.p.h.s.HTTPSamplerBase: Existing CookieManager HTTP Cookie Manager superseded by HTTP Cookie Manager
2026-08-18 12:12:20,770 WARN o.a.j.p.h.s.HTTPSamplerBase: Existing CookieManager HTTP Cookie Manager superseded by HTTP Cookie Manager
2026-08-18 12:12:20,902 WARN o.a.j.p.h.s.HTTPSamplerBase: Existing CookieManager HTTP Cookie Manager superseded by HTTP Cookie Manager
2026-08-18 12:12:21,107 WARN o.a.j.p.h.s.HTTPSamplerBase: Existing CookieManager HTTP Cookie Manager superseded by HTTP Cookie Manager
2026-08-18 12:12:21,278 WARN o.a.j.p.h.s.HTTPSamplerBase: Existing CookieManager HTTP Cookie Manager superseded by HTTP Cookie Manager
2026-08-18 12:12:22,827 WARN o.a.j.p.h.s.HTTPSamplerBase: Existing CookieManager HTTP Cookie Manager superseded by HTTP Cookie Manager
2026-08-18 12:12:23,192 WARN o.a.j.p.h.s.HTTPSamplerBase: Existing CookieManager HTTP Cookie Manager superseded by HTTP Cookie Manager
2026-08-18 12:12:24,484 WARN o.a.j.p.h.s.HTTPSamplerBase: Existing CookieManager HTTP Cookie Manager superseded by HTTP Cookie Manager
2026-08-18 12:12:24,669 WARN o.a.j.p.h.s.HTTPSamplerBase: Existing CookieManager HTTP Cookie Manager superseded by HTTP Cookie Manager
2026-08-18 12:12:24,818 WARN o.a.j.p.h.s.HTTPSamplerBase: Existing CookieManager HTTP Cookie Manager superseded by HTTP Cookie Manager
2026-08-18 12:12:25,062 INFO o.a.j.r.Summariser: summary +     80 in 00:00:06 =   13.3/s Avg:   230 Min:   148 Max:   553 Err:     0 (0.00%) Active: 3 Started: 3 Finished: 0
2026-08-18 12:12:25,062 INFO o.a.j.r.Summariser: summary =   1192 in 00:01:33 =   12.9/s Avg:   223 Min:   145 Max:  2455 Err:     0 (0.00%)
2026-08-18 12:12:25,062 WARN o.a.j.p.h.s.HTTPSamplerBase: Existing CookieManager HTTP Cookie Manager superseded by HTTP Cookie Manager
2026-08-18 12:12:26,267 WARN o.a.j.p.h.s.HTTPSamplerBase: Existing CookieManager HTTP Cookie Manager superseded by HTTP Cookie Manager
2026-08-18 12:12:26,619 WARN o.a.j.p.h.s.HTTPSamplerBase: Existing CookieManager HTTP Cookie Manager superseded by HTTP Cookie Manager
2026-08-18 12:12:27,355 WARN o.a.j.p.h.s.HTTPSamplerBase: Existing CookieManager HTTP Cookie Manager superseded by HTTP Cookie Manager
2026-08-18 12:12:27,684 WARN o.a.j.p.h.s.HTTPSamplerBase: Existing CookieManager HTTP Cookie Manager superseded by HTTP Cookie Manager
2026-08-18 12:12:27,713 WARN o.a.j.p.h.s.HTTPSamplerBase: Existing CookieManager HTTP Cookie Manager superseded by HTTP Cookie Manager
2026-08-18 12:12:28,060 WARN o.a.j.p.h.s.HTTPSamplerBase: Existing CookieManager HTTP Cookie Manager superseded by HTTP Cookie Manager
2026-08-18 12:12:29,393 WARN o.a.j.p.h.s.HTTPSamplerBase: Existing CookieManager HTTP Cookie Manager superseded by HTTP Cookie Manager
2026-08-18 12:12:30,377 WARN o.a.j.p.h.s.HTTPSamplerBase: Existing CookieManager HTTP Cookie Manager superseded by HTTP Cookie Manager
2026-08-18 12:12:31,796 INFO o.a.j.r.Summariser: summary +     75 in 00:00:07 =   11.1/s Avg:   248 Min:   139 Max:   969 Err:     0 (0.00%) Active: 3 Started: 3 Finished: 0
2026-08-18 12:12:31,796 INFO o.a.j.r.Summariser: summary =   1267 in 00:01:39 =   12.7/s Avg:   224 Min:   139 Max:  2455 Err:     0 (0.00%)
2026-08-18 12:12:32,047 WARN o.a.j.p.h.s.HTTPSamplerBase: Existing CookieManager HTTP Cookie Manager superseded by HTTP Cookie Manager
2026-08-18 12:12:32,377 WARN o.a.j.p.h.s.HTTPSamplerBase: Existing CookieManager HTTP Cookie Manager superseded by HTTP Cookie Manager
2026-08-18 12:12:32,423 WARN o.a.j.p.h.s.HTTPSamplerBase: Existing CookieManager HTTP Cookie Manager superseded by HTTP Cookie Manager
2026-08-18 12:12:32,746 WARN o.a.j.p.h.s.HTTPSamplerBase: Existing CookieManager HTTP Cookie Manager superseded by HTTP Cookie Manager
2026-08-18 12:12:34,344 WARN o.a.j.p.h.s.HTTPSamplerBase: Existing CookieManager HTTP Cookie Manager superseded by HTTP Cookie Manager
2026-08-18 12:12:34,760 WARN o.a.j.p.h.s.HTTPSamplerBase: Existing CookieManager HTTP Cookie Manager superseded by HTTP Cookie Manager
2026-08-18 12:12:35,042 WARN o.a.j.p.h.s.HTTPSamplerBase: Existing CookieManager HTTP Cookie Manager superseded by HTTP Cookie Manager
2026-08-18 12:12:35,403 WARN o.a.j.p.h.s.HTTPSamplerBase: Existing CookieManager HTTP Cookie Manager superseded by HTTP Cookie Manager
2026-08-18 12:12:35,410 WARN o.a.j.p.h.s.HTTPSamplerBase: Existing CookieManager HTTP Cookie Manager superseded by HTTP Cookie Manager
2026-08-18 12:12:35,768 WARN o.a.j.p.h.s.HTTPSamplerBase: Existing CookieManager HTTP Cookie Manager superseded by HTTP Cookie Manager
2026-08-18 12:12:37,019 INFO o.a.j.r.Summariser: summary +     76 in 00:00:05 =   14.6/s Avg:   226 Min:   165 Max:   967 Err:     0 (0.00%) Active: 3 Started: 3 Finished: 0
2026-08-18 12:12:37,022 INFO o.a.j.r.Summariser: summary =   1343 in 00:01:45 =   12.8/s Avg:   224 Min:   139 Max:  2455 Err:     0 (0.00%)
2026-08-18 12:12:37,622 WARN o.a.j.p.h.s.HTTPSamplerBase: Existing CookieManager HTTP Cookie Manager superseded by HTTP Cookie Manager
2026-08-18 12:12:40,424 WARN o.a.j.p.h.s.HTTPSamplerBase: Existing CookieManager HTTP Cookie Manager superseded by HTTP Cookie Manager
2026-08-18 12:12:40,435 WARN o.a.j.p.h.s.HTTPSamplerBase: Existing CookieManager HTTP Cookie Manager superseded by HTTP Cookie Manager
2026-08-18 12:12:41,339 WARN o.a.j.p.h.s.HTTPSamplerBase: Existing CookieManager HTTP Cookie Manager superseded by HTTP Cookie Manager
2026-08-18 12:12:41,339 WARN o.a.j.p.h.s.HTTPSamplerBase: Existing CookieManager HTTP Cookie Manager superseded by HTTP Cookie Manager
2026-08-18 12:12:41,716 WARN o.a.j.p.h.s.HTTPSamplerBase: Existing CookieManager HTTP Cookie Manager superseded by HTTP Cookie Manager
2026-08-18 12:12:43,037 INFO o.a.j.r.Summariser: summary +     45 in 00:00:06 =    7.5/s Avg:   398 Min:   166 Max:  2435 Err:     0 (0.00%) Active: 3 Started: 3 Finished: 0
2026-08-18 12:12:43,037 INFO o.a.j.r.Summariser: summary =   1388 in 00:01:51 =   12.5/s Avg:   230 Min:   139 Max:  2455 Err:     0 (0.00%)
2026-08-18 12:12:43,672 WARN o.a.j.p.h.s.HTTPSamplerBase: Existing CookieManager HTTP Cookie Manager superseded by HTTP Cookie Manager
2026-08-18 12:12:43,863 WARN o.a.j.p.h.s.HTTPSamplerBase: Existing CookieManager HTTP Cookie Manager superseded by HTTP Cookie Manager
2026-08-18 12:12:44,082 WARN o.a.j.p.h.s.HTTPSamplerBase: Existing CookieManager HTTP Cookie Manager superseded by HTTP Cookie Manager
2026-08-18 12:12:44,187 WARN o.a.j.p.h.s.HTTPSamplerBase: Existing CookieManager HTTP Cookie Manager superseded by HTTP Cookie Manager
2026-08-18 12:12:44,361 WARN o.a.j.p.h.s.HTTPSamplerBase: Existing CookieManager HTTP Cookie Manager superseded by HTTP Cookie Manager
2026-08-18 12:12:44,713 WARN o.a.j.p.h.s.HTTPSamplerBase: Existing CookieManager HTTP Cookie Manager superseded by HTTP Cookie Manager
2026-08-18 12:12:46,702 WARN o.a.j.p.h.s.HTTPSamplerBase: Existing CookieManager HTTP Cookie Manager superseded by HTTP Cookie Manager
2026-08-18 12:12:46,870 WARN o.a.j.p.h.s.HTTPSamplerBase: Existing CookieManager HTTP Cookie Manager superseded by HTTP Cookie Manager
2026-08-18 12:12:47,050 WARN o.a.j.p.h.s.HTTPSamplerBase: Existing CookieManager HTTP Cookie Manager superseded by HTTP Cookie Manager
2026-08-18 12:12:47,350 WARN o.a.j.p.h.s.HTTPSamplerBase: Existing CookieManager HTTP Cookie Manager superseded by HTTP Cookie Manager
2026-08-18 12:12:47,551 WARN o.a.j.p.h.s.HTTPSamplerBase: Existing CookieManager HTTP Cookie Manager superseded by HTTP Cookie Manager
2026-08-18 12:12:47,908 WARN o.a.j.p.h.s.HTTPSamplerBase: Existing CookieManager HTTP Cookie Manager superseded by HTTP Cookie Manager
2026-08-18 12:12:49,032 INFO o.a.j.r.Summariser: summary +     88 in 00:00:06 =   14.7/s Avg:   204 Min:   146 Max:   397 Err:     0 (0.00%) Active: 3 Started: 3 Finished: 0
2026-08-18 12:12:49,032 INFO o.a.j.r.Summariser: summary =   1476 in 00:01:57 =   12.7/s Avg:   228 Min:   139 Max:  2455 Err:     0 (0.00%)
2026-08-18 12:12:49,665 WARN o.a.j.p.h.s.HTTPSamplerBase: Existing CookieManager HTTP Cookie Manager superseded by HTTP Cookie Manager
2026-08-18 12:12:50,012 WARN o.a.j.p.h.s.HTTPSamplerBase: Existing CookieManager HTTP Cookie Manager superseded by HTTP Cookie Manager
2026-08-18 12:12:50,090 WARN o.a.j.p.h.s.HTTPSamplerBase: Existing CookieManager HTTP Cookie Manager superseded by HTTP Cookie Manager
2026-08-18 12:12:50,450 WARN o.a.j.p.h.s.HTTPSamplerBase: Existing CookieManager HTTP Cookie Manager superseded by HTTP Cookie Manager
2026-08-18 12:12:50,535 WARN o.a.j.p.h.s.HTTPSamplerBase: Existing CookieManager HTTP Cookie Manager superseded by HTTP Cookie Manager
2026-08-18 12:12:50,903 WARN o.a.j.p.h.s.HTTPSamplerBase: Existing CookieManager HTTP Cookie Manager superseded by HTTP Cookie Manager
2026-08-18 12:12:52,502 INFO o.a.j.t.JMeterThread: Stopping because end time detected by thread: Thread Group 1-3
2026-08-18 12:12:52,502 INFO o.a.j.t.JMeterThread: Thread finished: Thread Group 1-3
2026-08-18 12:12:52,598 INFO o.a.j.t.JMeterThread: Stopping because end time detected by thread: Thread Group 1-1
2026-08-18 12:12:52,612 INFO o.a.j.t.JMeterThread: Thread finished: Thread Group 1-1
2026-08-18 12:12:52,612 INFO o.a.j.t.JMeterThread: Stopping because end time detected by thread: Thread Group 1-2
2026-08-18 12:12:52,612 INFO o.a.j.t.JMeterThread: Thread finished: Thread Group 1-2
2026-08-18 12:12:52,616 INFO o.a.j.e.StandardJMeterEngine: Notifying test listeners of end of test
2026-08-18 12:12:52,627 INFO o.a.j.r.Summariser: summary +     56 in 00:00:04 =   15.6/s Avg:   192 Min:   155 Max:   373 Err:     0 (0.00%) Active: 0 Started: 3 Finished: 3
2026-08-18 12:12:52,627 INFO o.a.j.r.Summariser: summary =   1532 in 00:02:00 =   12.7/s Avg:   227 Min:   139 Max:  2455 Err:     0 (0.00%)
